{
  "run_id": "default-entry-offline",
  "report_path": "/home/emox/work/projects/market-tools/reports/recap-reliability-r2-20260925/default-recovered/investment/reference/medium-term-reviews/2026-09-25-evening-181452148753.md",
  "errors": [],
  "gates": {
    "CN": {
      "market": "CN",
      "allowed": true,
      "expected_date": "2026-09-25",
      "reason": "verified"
    },
    "HK": {
      "market": "HK",
      "allowed": true,
      "expected_date": "2026-09-25",
      "reason": "verified"
    },
    "US": {
      "market": "US",
      "allowed": true,
      "expected_date": "2026-09-24",
      "reason": "verified"
    }
  }
}
RESULT_JSON=/home/emox/work/projects/market-tools/reports/recap-reliability-r2-20260925/default-recovered/state/runs/default-entry-offline/report.json
default-recovered PASS: exactly one CLI main invocation
{
  "run_id": "default-entry-offline",
  "report_path": "/home/emox/work/projects/market-tools/reports/recap-reliability-r2-20260925/default-terminal/investment/reference/medium-term-reviews/2026-09-25-evening-181452426167.md",
  "errors": [
    {
      "stage": "recap_recovery",
      "error": "attempt_limit",
      "owner": "code:recap-collector",
      "next_action": "code owner: inspect checkpoint and RPC trace; automatic recovery ended for this run; do not reset attempt counts or launch a new budget without an explicit repair decision",
      "inspect_command": [
        "tail",
        "-n",
        "50",
        "/home/emox/work/projects/market-tools/reports/recap-reliability-r2-20260925/default-terminal/raw/evening_recap_2026-09-25.json.rpc.jsonl"
      ]
    },
    {
      "stage": "recap_coverage",
      "error": "partial",
      "coverage": {
        "expected_trade_date": "2026-09-25",
        "envelope_fresh": true,
        "selected": 2,
        "usable_sectors": [
          "A"
        ],
        "failed": {
          "B": {
            "reason": "picks exit 1",
            "owner": "code:recap-collector",
            "next_action": "code owner: inspect RPC trace and checkpoint; no automatic retry remains in this run",
            "state": "attempt_limit",
            "automatic_retry_pending": false,
            "inspect_command": [
              "tail",
              "-n",
              "50",
              "/home/emox/work/projects/market-tools/reports/recap-reliability-r2-20260925/default-terminal/raw/evening_recap_2026-09-25.json.rpc.jsonl"
            ]
          }
        },
        "diagnostics": {
          "A": {
            "source_grade": "degraded_proxy_neutral_stub",
            "valid_stocks": 1,
            "rejected": []
          },
          "B": {
            "source_grade": "unknown",
            "valid_stocks": 0,
            "rejected": []
          }
        },
        "scores": [
          {
            "concept": "A",
            "source_grade": "unknown",
            "vintage": null,
            "fact_eligible": false
          },
          {
            "concept": "B",
            "source_grade": "unknown",
            "vintage": null,
            "fact_eligible": false
          }
        ],
        "complete_facts": 0,
        "status": "partial",
        "original_errors": [
          "picks failed: B (exit 1)"
        ]
      }
    }
  ],
  "gates": {
    "CN": {
      "market": "CN",
      "allowed": true,
      "expected_date": "2026-09-25",
      "reason": "verified"
    },
    "HK": {
      "market": "HK",
      "allowed": true,
      "expected_date": "2026-09-25",
      "reason": "verified"
    },
    "US": {
      "market": "US",
      "allowed": true,
      "expected_date": "2026-09-24",
      "reason": "verified"
    }
  }
}
RESULT_JSON=/home/emox/work/projects/market-tools/reports/recap-reliability-r2-20260925/default-terminal/state/runs/default-entry-offline/report.json
default-terminal PASS: exactly one CLI main invocation
pending schema negative and corrected visible replay PASS
